C51 COMPILER V9.59.0.0   CLOCK                                                             08/24/2026 15:16:51 PAGE 1   


C51 COMPILER V9.59.0.0, COMPILATION OF MODULE CLOCK
OBJECT MODULE PLACED IN .\Objects\clock.obj
COMPILER INVOKED BY: C:\Keil_v5\Keil_C51\C51\BIN\C51.EXE User\clock.c LARGE OMF2 WARNINGLEVEL(0) OPTIMIZE(8,SPEED) BROWS
                    -E INCDIR(.\User;.\Application) DEBUG PRINT(.\Listings\clock.lst) TABS(2) OBJECT(.\Objects\clock.obj)

line level    source

   1          #include <STC8H.H>
   2          #include "clock.h"
   3          
   4          void SystemClock_Init(void)
   5          {
   6   1          CLKDIV = 0x00;
   7   1        
   8   1      }


MODULE INFORMATION:   STATIC OVERLAYABLE
   CODE SIZE        =      6    ----
   CONSTANT SIZE    =   ----    ----
   XDATA SIZE       =   ----    ----
   PDATA SIZE       =   ----    ----
   DATA SIZE        =   ----    ----
   IDATA SIZE       =   ----    ----
   BIT SIZE         =   ----    ----
   EDATA SIZE       =   ----    ----
   HDATA SIZE       =   ----    ----
   XDATA CONST SIZE =   ----    ----
   FAR CONST SIZE   =   ----    ----
END OF MODULE INFORMATION.


C51 COMPILATION COMPLETE.  0 WARNING(S),  0 ERROR(S)
