C51 COMPILER V9.59.0.0   DMA                                                               08/05/2026 18:42:37 PAGE 1   


C51 COMPILER V9.59.0.0, COMPILATION OF MODULE DMA
OBJECT MODULE PLACED IN .\Objects\dma.obj
COMPILER INVOKED BY: C:\Keil_v5\Keil_C51\C51\BIN\C51.EXE User\dma.c LARGE OMF2 OPTIMIZE(8,SPEED) BROWSE INCDIR(.\User;.\
                    -Application) DEBUG PRINT(.\Listings\dma.lst) TABS(2) OBJECT(.\Objects\dma.obj)

line level    source

   1          #include <STC8H.H>
   2          
   3          /* STC8 port uses UART interrupt reception instead of STM32 DMA1_Channel6. */
   4          void MX_DMA_Init(void)
   5          {
   6   1          /* Kept for source compatibility with the STM32 main.c call sequence. */
   7   1      }


MODULE INFORMATION:   STATIC OVERLAYABLE
   CODE SIZE        =      1    ----
   CONSTANT SIZE    =   ----    ----
   XDATA SIZE       =   ----    ----
   PDATA SIZE       =   ----    ----
   DATA SIZE        =   ----    ----
   IDATA SIZE       =   ----    ----
   BIT SIZE         =   ----    ----
   EDATA SIZE       =   ----    ----
   HDATA SIZE       =   ----    ----
   XDATA CONST SIZE =   ----    ----
   FAR CONST SIZE   =   ----    ----
END OF MODULE INFORMATION.


C51 COMPILATION COMPLETE.  0 WARNING(S),  0 ERROR(S)
