C51 COMPILER V9.59.0.0   KEY                                                               08/24/2026 16:04:21 PAGE 1   


C51 COMPILER V9.59.0.0, COMPILATION OF MODULE KEY
OBJECT MODULE PLACED IN .\Objects\key.obj
COMPILER INVOKED BY: C:\Keil_v5\Keil_C51\C51\BIN\C51.EXE Application\key.c LARGE OMF2 WARNINGLEVEL(0) OPTIMIZE(8,SPEED) 
                    -BROWSE INCDIR(.\User;.\Application) DEBUG PRINT(.\Listings\key.lst) TABS(2) OBJECT(.\Objects\key.obj)

line level    source

   1          #include "key.h"
   2          #include "gpio.h"
   3          #include "numled.h"
   4          #include "modbus.h"
   5          
   6          uint8_t g_KeyFlag = 0;                 // 按键有效标志：0=低电平有效，1=高电平有效
   7          volatile KEY_STATE KeyState = KEY_CHECK;
   8          volatile KEY_TYPE g_KeyActionFlag = NULL_KEY;
   9          volatile uint16_t TimeCnt = 0U;
  10          
  11          void Key_Init(void){
  12   1          Relay = Relay_OFF;  // 继电器断开
  13   1          // P1.5 推挽输出
  14   1          P1M1 &= ~(1 << 5);
  15   1          P1M0 |=  (1 << 5);
  16   1      
  17   1          Relay = Relay_OFF;
  18   1          // P1.2配置为高阻输入：M1=1，M0=0
  19   1          P1M1 |=  0x04;
  20   1          P1M0 &= ~0x04;
  21   1          // 状态机变量初始化
  22   1          KeyState = KEY_CHECK;
  23   1          g_KeyActionFlag = NULL_KEY;
  24   1          TimeCnt = 0U;
  25   1      }
  26          
  27          void Key_Scan(void){
  28   1        static uint16_t TimeCnt = 0;
  29   1        static uint8_t lock = 0;
  30   1        switch (KeyState){
  31   2          case KEY_CHECK://按键未按下状态，此时判断Key的值
  32   2            if(!Key){
  33   3              KeyState =  KEY_COMFIRM;  //检测到Key值为0，说明按键开始按下，进入下一状态
  34   3            }
  35   2            TimeCnt = 0;                  //计数器清零
  36   2            lock = 0;
  37   2            break;
  38   2          case KEY_COMFIRM:
  39   2            if(!Key){//查看当前Key是否为0，再次确认是否按下
  40   3              if(!lock)   lock = 1;
  41   3              TimeCnt++;   
  42   3            }
  43   2            else{
  44   3              if(lock){// 不是第一次进入，释放按键才执行
  45   4                /*按键时长判断*/
  46   4                if(TimeCnt > 100){// 超过 1s
  47   5                  g_KeyActionFlag = LONG_KEY;
  48   5                  TimeCnt = 0;  
  49   5                }
  50   4                else{// Key值变为1，说明此次操作为短按
  51   5                  g_KeyActionFlag = SHORT_KEY;// 短按
  52   5                }
  53   4                /*按键时长判断*/
  54   4                KeyState =  KEY_RELEASE;// 需要进入按键释放状态
C51 COMPILER V9.59.0.0   KEY                                                               08/24/2026 16:04:21 PAGE 2   

  55   4              }
  56   3              else{// 当前Key值为1，确认为抖动，返回上一个状态
  57   4                  KeyState =  KEY_CHECK;// 回到上一个状态
  58   4              }
  59   3            }break;
  60   2           case KEY_RELEASE:
  61   2             if(Key){//当前Key值为1，说明按键已经释放，返回开始状态
  62   3               KeyState =  KEY_CHECK;    
  63   3             }break;
  64   2           default: break;
  65   2        }
  66   1      }
  67          volatile int sleep_result = 0;
  68          volatile uint8_t Soc_Flag = 0;
  69          extern signed short int out_current;
  70          void Key_Action(void){
  71   1        KEY_TYPE action = g_KeyActionFlag;
  72   1        if (action == SHORT_KEY){//短按
  73   2          Soc_Flag = 0;
  74   2          Relay = Relay_ON;  // 继电器闭合
  75   2          Soc_Show();              // 立即显示上一次成功解析并缓存的SOC
  76   2          g_1s_flag = 1;           // 同时触发后台读取最新数据
  77   2          g_KeyActionFlag = NULL_KEY;
  78   2        }
  79   1        else if (action == LONG_KEY){//长按
  80   2          volatile int ret;
  81   2          
  82   2          // 立即关闭数码管，避免等待 BMS 响应导致的灭屏延时
  83   2          DG_ALL(0);
  84   2          Soc_Flag = 1;
  85   2      //    ret = BMS_SendSleepCommand();
  86   2          if(out_current <= 50){
  87   3          //等待mppt放电电流小于500mA后断开继电器
  88   3      //    DelayMs(200);
  89   3            Relay = Relay_OFF;  // 继电器断开
  90   3            /* 先清除当前长按事件，避免阻塞通信期间覆盖后续短按事件 */
  91   3          g_KeyActionFlag = NULL_KEY;
  92   3          }
  93   2        }
  94   1      
  95   1      }


MODULE INFORMATION:   STATIC OVERLAYABLE
   CODE SIZE        =    220    ----
   CONSTANT SIZE    =   ----    ----
   XDATA SIZE       =     11       3
   PDATA SIZE       =   ----    ----
   DATA SIZE        =   ----    ----
   IDATA SIZE       =   ----    ----
   BIT SIZE         =   ----    ----
   EDATA SIZE       =   ----    ----
   HDATA SIZE       =   ----    ----
   XDATA CONST SIZE =   ----    ----
   FAR CONST SIZE   =   ----    ----
END OF MODULE INFORMATION.


C51 COMPILATION COMPLETE.  0 WARNING(S),  0 ERROR(S)
