BL51 BANKED LINKER/LOCATER V6.22.2.0                                                    08/05/2026  18:36:53  PAGE 1


BL51 BANKED LINKER/LOCATER V6.22.2.0, INVOKED BY:
C:\KEIL_V5\KEIL_C51\C51\BIN\BL51.EXE .\Objects\STARTUP.obj, .\Objects\main.obj, .\Objects\dma.obj, .\Objects\gpio.obj, .
>> \Objects\tim.obj, .\Objects\usart.obj, .\Objects\key.obj, .\Objects\modbus.obj, .\Objects\numled.obj TO .\Objects\tes
>> t PRINT (.\Listings\test.m51) RAMSIZE (256)


MEMORY MODEL: LARGE


INPUT MODULES INCLUDED:
  .\Objects\STARTUP.obj (?C_STARTUP)
  .\Objects\main.obj (MAIN)
  .\Objects\dma.obj (DMA)
  .\Objects\gpio.obj (GPIO)
  .\Objects\tim.obj (TIM)
  .\Objects\usart.obj (USART)
  .\Objects\key.obj (KEY)
  .\Objects\modbus.obj (MODBUS)
  .\Objects\numled.obj (NUMLED)
  C:\KEIL_V5\KEIL_C51\C51\LIB\C51L.LIB (?C_INIT)
  C:\KEIL_V5\KEIL_C51\C51\LIB\C51L.LIB (?C?COPY)
  C:\KEIL_V5\KEIL_C51\C51\LIB\C51L.LIB (?C?CLDPTR)
  C:\KEIL_V5\KEIL_C51\C51\LIB\C51L.LIB (?C?CLDOPTR)
  C:\KEIL_V5\KEIL_C51\C51\LIB\C51L.LIB (?C?CSTPTR)
  C:\KEIL_V5\KEIL_C51\C51\LIB\C51L.LIB (?C?CSTOPTR)
  C:\KEIL_V5\KEIL_C51\C51\LIB\C51L.LIB (?C?UIDIV)
  C:\KEIL_V5\KEIL_C51\C51\LIB\C51L.LIB (?C?SIDIV)
  C:\KEIL_V5\KEIL_C51\C51\LIB\C51L.LIB (?C?ILDIX)
  C:\KEIL_V5\KEIL_C51\C51\LIB\C51L.LIB (?C?ILDPTR)
  C:\KEIL_V5\KEIL_C51\C51\LIB\C51L.LIB (?C?ILDOPTR)
  C:\KEIL_V5\KEIL_C51\C51\LIB\C51L.LIB (?C?ISTPTR)
  C:\KEIL_V5\KEIL_C51\C51\LIB\C51L.LIB (?C?ISTOPTR)
  C:\KEIL_V5\KEIL_C51\C51\LIB\C51L.LIB (?C?ULCMP)
  C:\KEIL_V5\KEIL_C51\C51\LIB\C51L.LIB (?C?LSTXDATA)
  C:\KEIL_V5\KEIL_C51\C51\LIB\C51L.LIB (?C?ICALL)


LINK MAP OF MODULE:  .\Objects\test (?C_STARTUP)


            TYPE    BASE      LENGTH    RELOCATION   SEGMENT NAME
            -----------------------------------------------------

            * * * * * * *   D A T A   M E M O R Y   * * * * * * *
            REG     0000H     0008H     ABSOLUTE     "REG BANK 0"
                    0008H     0018H                  *** GAP ***
            BIT     0020H.0   0000H.2   UNIT         _BIT_GROUP_
            BIT     0020H.2   0000H.1   UNIT         ?BI?USART
                    0020H.3   0000H.5                *** GAP ***
            IDATA   0021H     0001H     UNIT         ?STACK

            * * * * * * *  X D A T A   M E M O R Y  * * * * * * *
            XDATA   0000H     023EH     UNIT         ?XD?MODBUS
            XDATA   023EH     00C3H     UNIT         ?XD?MAIN
            XDATA   0301H     0044H     UNIT         _XDATA_GROUP_
            XDATA   0345H     0028H     UNIT         ?XD?_BMS_WRITECURRENTPROTECT?MODBUS
            XDATA   036DH     001AH     UNIT         ?XD?NUMLED
            XDATA   0387H     0014H     UNIT         ?XD?_BMS_WRITETEMPPROTECT?MODBUS
BL51 BANKED LINKER/LOCATER V6.22.2.0                                                  08/05/2026  18:36:53  PAGE 2


            XDATA   039BH     0010H     UNIT         ?XD?_BMS_WRITEVOLTAGEPROTECT?MODBUS
            XDATA   03ABH     000EH     UNIT         ?XD?_BMS_WRITEREGISTER1?MODBUS
            XDATA   03B9H     000CH     UNIT         ?XD?KEY
            XDATA   03C5H     0009H     UNIT         ?XD?_BMS_WRITECALIBCONFIG?MODBUS
            XDATA   03CEH     0008H     UNIT         ?XD?TIM
            XDATA   03D6H     0005H     UNIT         ?XD?_BMS_WRITEREGISTERS?MODBUS
            XDATA   03DBH     0003H     UNIT         ?XD?_UART_SENDBUFFER?USART
            XDATA   03DEH     0002H     UNIT         ?XD?_BMS_SENDCOMMAND?MODBUS
            XDATA   03E0H     0001H     UNIT         ?XD?USART

            * * * * * * *   C O D E   M E M O R Y   * * * * * * *
            CODE    0000H     0003H     ABSOLUTE     
            CODE    0003H     0008H     UNIT         ?PR?_UART_SENDBYTE?USART
            CODE    000BH     0003H     ABSOLUTE     
            CODE    000EH     0013H     UNIT         ?PR?HAL_GETTICK?TIM
            CODE    0021H     0001H     UNIT         ?PR?MX_DMA_INIT?DMA
                    0022H     0001H                  *** GAP ***
            CODE    0023H     0003H     ABSOLUTE     
            CODE    0026H     0332H     UNIT         ?PR?_DG_DISPLAY?NUMLED
            CODE    0358H     02E3H     UNIT         ?C?LIB_CODE
            CODE    063BH     02A7H     UNIT         ?PR?_BMS_WRITEREGISTER1?MODBUS
            CODE    08E2H     01A3H     UNIT         ?PR?LED_UNDER_DEAL?NUMLED
            CODE    0A85H     013FH     UNIT         ?PR?_BMS_READCURRENTPROTECT?MODBUS
            CODE    0BC4H     013CH     UNIT         ?PR?_BMS_WRITECURRENTPROTECT?MODBUS
            CODE    0D00H     0125H     UNIT         ?PR?_BMS_READEVENTCOUNT?MODBUS
            CODE    0E25H     010DH     UNIT         ?PR?_BMS_WRITEREGISTERS?MODBUS
            CODE    0F32H     0102H     UNIT         ?PR?_BMS_READREGISTERS?MODBUS
            CODE    1034H     00E0H     UNIT         ?PR?SOC_SHOW?NUMLED
            CODE    1114H     00D5H     UNIT         ?PR?_BMS_READTEMPPROTECT?MODBUS
            CODE    11E9H     00D5H     UNIT         ?PR?_BMS_READREALTIMEDATA?MODBUS
            CODE    12BEH     00D2H     UNIT         ?PR?_BMS_SENDRECEIVE?MODBUS
            CODE    1390H     00BFH     UNIT         ?PR?_BMS_READALL?MODBUS
            CODE    144FH     00B5H     UNIT         ?PR?_BMS_READVOLTAGEPROTECT?MODBUS
            CODE    1504H     00AAH     UNIT         ?PR?_BMS_WRITETEMPPROTECT?MODBUS
            CODE    15AEH     009BH     UNIT         ?PR?_UART_RECEIVEBYTES?MODBUS
            CODE    1649H     009AH     UNIT         ?PR?_BMS_CRC16?MODBUS
            CODE    16E3H     0097H     UNIT         ?PR?_BMS_READCALIBCONFIG?MODBUS
            CODE    177AH     0095H     UNIT         ?PR?KEY_SCAN?KEY
            CODE    180FH     0093H     UNIT         ?PR?BMS_SENDSLEEPCOMMAND?MODBUS
            CODE    18A2H     008CH     UNIT         ?C_C51STARTUP
            CODE    192EH     008AH     UNIT         ?PR?_BMS_WRITEVOLTAGEPROTECT?MODBUS
            CODE    19B8H     0085H     UNIT         ?PR?_BMS_READSYSTEMINFO?MODBUS
            CODE    1A3DH     0083H     UNIT         ?PR?_BMS_READIDINFO?MODBUS
            CODE    1AC0H     0081H     UNIT         ?PR?_BMS_WRITEREGISTER?MODBUS
            CODE    1B41H     0077H     UNIT         ?PR?_BMS_WRITECALIBCONFIG?MODBUS
            CODE    1BB8H     0076H     UNIT         ?PR?TIMER0_ISR?TIM
            CODE    1C2EH     0062H     UNIT         ?PR?KEY_ACTION?KEY
            CODE    1C90H     004DH     UNIT         ?C_INITSEG
            CODE    1CDDH     0041H     UNIT         ?PR?_DELAYMS?TIM
            CODE    1D1EH     003BH     UNIT         ?PR?MAIN?MAIN
            CODE    1D59H     0033H     UNIT         ?PR?_UART_SENDBYTES?MODBUS
            CODE    1D8CH     0033H     UNIT         ?PR?_DG_LED?NUMLED
            CODE    1DBFH     002FH     UNIT         ?PR?_UART_SENDBUFFER?USART
            CODE    1DEEH     0029H     UNIT         ?PR?NUM_LED_INIT?NUMLED
            CODE    1E17H     0027H     UNIT         ?PR?MX_UART1_INIT?USART
            CODE    1E3EH     0027H     UNIT         ?PR?_BMS_SENDCOMMAND?MODBUS
            CODE    1E65H     001FH     UNIT         ?PR?UART1_ISR?USART
BL51 BANKED LINKER/LOCATER V6.22.2.0                                                  08/05/2026  18:36:53  PAGE 3


            CODE    1E84H     001BH     UNIT         ?PR?APP_1MSTASK?MAIN
            CODE    1E9FH     001AH     UNIT         ?PR?DG_ALL?NUMLED
            CODE    1EB9H     0018H     UNIT         ?PR?MX_TIM0_INIT?TIM
            CODE    1ED1H     0016H     UNIT         ?PR?KEY_INIT?KEY
            CODE    1EE7H     0010H     UNIT         ?PR?_UART_READBYTE?USART
            CODE    1EF7H     000EH     UNIT         ?PR?BMS_CLEARRXSTATE?MODBUS
            CODE    1F05H     000CH     UNIT         ?PR?_TIMER0_SETCALLBACK?TIM
            CODE    1F11H     0009H     UNIT         ?PR?MX_GPIO_INIT?GPIO
            CODE    1F1AH     0008H     UNIT         ?PR?_UART_SENDBYTE?MODBUS
            CODE    1F22H     0003H     UNIT         ?PR?GETTICKMS?TIM



OVERLAY MAP OF MODULE:   .\Objects\test (?C_STARTUP)


SEGMENT                                        BIT_GROUP          XDATA_GROUP
  +--> CALLED SEGMENT                       START    LENGTH     START    LENGTH
-------------------------------------------------------------------------------
?C_C51STARTUP                               -----    -----      -----    -----
  +--> ?PR?MAIN?MAIN
  +--> ?C_INITSEG

?PR?MAIN?MAIN                               -----    -----      -----    -----
  +--> ?PR?MX_GPIO_INIT?GPIO
  +--> ?PR?MX_UART1_INIT?USART
  +--> ?PR?MX_DMA_INIT?DMA
  +--> ?PR?NUM_LED_INIT?NUMLED
  +--> ?PR?KEY_INIT?KEY
  +--> ?PR?APP_1MSTASK?MAIN
  +--> ?PR?_TIMER0_SETCALLBACK?TIM
  +--> ?PR?MX_TIM0_INIT?TIM
  +--> ?PR?_DELAYMS?TIM
  +--> ?PR?_BMS_READALL?MODBUS
  +--> ?PR?KEY_ACTION?KEY
  +--> ?PR?SOC_SHOW?NUMLED

?PR?APP_1MSTASK?MAIN                        -----    -----      -----    -----
  +--> ?PR?LED_UNDER_DEAL?NUMLED
  +--> ?PR?KEY_SCAN?KEY

?PR?_DELAYMS?TIM                            -----    -----      0304H    0006H
  +--> ?PR?HAL_GETTICK?TIM

?PR?_BMS_READALL?MODBUS                     -----    -----      0301H    0003H
  +--> ?PR?_BMS_READSYSTEMINFO?MODBUS
  +--> ?PR?_BMS_READIDINFO?MODBUS
  +--> ?PR?_BMS_READEVENTCOUNT?MODBUS
  +--> ?PR?_BMS_READCALIBCONFIG?MODBUS
  +--> ?PR?_BMS_READVOLTAGEPROTECT?MODBUS
  +--> ?PR?_BMS_READTEMPPROTECT?MODBUS
  +--> ?PR?_BMS_READCURRENTPROTECT?MODBUS
  +--> ?PR?_BMS_READREALTIMEDATA?MODBUS

?PR?_BMS_READSYSTEMINFO?MODBUS              -----    -----      0304H    000DH
  +--> ?PR?_BMS_READREGISTERS?MODBUS

BL51 BANKED LINKER/LOCATER V6.22.2.0                                                  08/05/2026  18:36:53  PAGE 4


?PR?_BMS_READREGISTERS?MODBUS               -----    -----      032CH    0006H
  +--> ?PR?_BMS_CRC16?MODBUS
  +--> ?PR?_BMS_SENDRECEIVE?MODBUS

?PR?_BMS_CRC16?MODBUS                       -----    -----      0336H    0007H

?PR?_BMS_SENDRECEIVE?MODBUS                 -----    -----      0332H    0004H
  +--> ?PR?BMS_CLEARRXSTATE?MODBUS
  +--> ?PR?_UART_SENDBYTES?MODBUS
  +--> ?PR?_UART_RECEIVEBYTES?MODBUS
  +--> ?PR?_BMS_CRC16?MODBUS

?PR?BMS_CLEARRXSTATE?MODBUS                 -----    -----      0336H    0001H

?PR?_UART_SENDBYTES?MODBUS                  -----    -----      0336H    0003H
  +--> ?PR?_UART_SENDBYTE?MODBUS

?PR?_UART_RECEIVEBYTES?MODBUS               -----    -----      0336H    000FH
  +--> ?PR?GETTICKMS?TIM

?PR?GETTICKMS?TIM                           -----    -----      -----    -----
  +--> ?PR?HAL_GETTICK?TIM

?PR?_BMS_READIDINFO?MODBUS                  -----    -----      0304H    0003H
  +--> ?PR?_BMS_READREGISTERS?MODBUS

?PR?_BMS_READEVENTCOUNT?MODBUS              -----    -----      0304H    0021H
  +--> ?PR?_BMS_READREGISTERS?MODBUS

?PR?_BMS_READCALIBCONFIG?MODBUS             -----    -----      0304H    0009H
  +--> ?PR?_BMS_READREGISTERS?MODBUS

?PR?_BMS_READVOLTAGEPROTECT?MODBUS          -----    -----      0304H    0013H
  +--> ?PR?_BMS_READREGISTERS?MODBUS

?PR?_BMS_READTEMPPROTECT?MODBUS             -----    -----      0304H    0017H
  +--> ?PR?_BMS_READREGISTERS?MODBUS

?PR?_BMS_READCURRENTPROTECT?MODBUS          -----    -----      0304H    0028H
  +--> ?PR?_BMS_READREGISTERS?MODBUS

?PR?_BMS_READREALTIMEDATA?MODBUS            -----    -----      030FH    0017H
  +--> ?PR?_BMS_READREGISTERS?MODBUS

?PR?KEY_ACTION?KEY                          -----    -----      0301H    0003H
  +--> ?PR?_DELAYMS?TIM
  +--> ?PR?BMS_SENDSLEEPCOMMAND?MODBUS
  +--> ?PR?DG_ALL?NUMLED

?PR?BMS_SENDSLEEPCOMMAND?MODBUS             -----    -----      -----    -----
  +--> ?PR?_BMS_WRITEREGISTER?MODBUS
  +--> ?PR?_DELAYMS?TIM
  +--> ?PR?_BMS_CRC16?MODBUS
  +--> ?PR?_UART_SENDBYTES?MODBUS

?PR?_BMS_WRITEREGISTER?MODBUS               -----    -----      -----    -----
  +--> ?PR?_BMS_CRC16?MODBUS
BL51 BANKED LINKER/LOCATER V6.22.2.0                                                  08/05/2026  18:36:53  PAGE 5


  +--> ?PR?_BMS_SENDRECEIVE?MODBUS

?PR?DG_ALL?NUMLED                           0020H.1  0000H.1    -----    -----

?PR?SOC_SHOW?NUMLED                         -----    -----      0301H    000EH
  +--> ?PR?_BMS_READREALTIMEDATA?MODBUS
  +--> ?PR?_DG_DISPLAY?NUMLED
  +--> ?PR?_DG_LED?NUMLED

?PR?_DG_DISPLAY?NUMLED                      0020H.0  0000H.1    -----    -----
  +--> ?PR?DG_ALL?NUMLED



SYMBOL TABLE OF MODULE:  .\Objects\test (?C_STARTUP)

  VALUE           TYPE          NAME
  ----------------------------------

  -------         MODULE        ?C_STARTUP
  C:18A2H         SEGMENT       ?C_C51STARTUP
  I:0021H         SEGMENT       ?STACK
  C:0000H         PUBLIC        ?C_STARTUP
  D:00E0H         SYMBOL        ACC
  D:00F0H         SYMBOL        B
  D:0083H         SYMBOL        DPH
  D:0082H         SYMBOL        DPL
  N:0000H         SYMBOL        IBPSTACK
  N:0100H         SYMBOL        IBPSTACKTOP
  N:0080H         SYMBOL        IDATALEN
  C:18A5H         SYMBOL        IDATALOOP
  N:0000H         SYMBOL        PBPSTACK
  N:0100H         SYMBOL        PBPSTACKTOP
  N:0000H         SYMBOL        PDATALEN
  N:0000H         SYMBOL        PDATASTART
  N:0000H         SYMBOL        PPAGE
  N:0000H         SYMBOL        PPAGEENABLE
  D:00A0H         SYMBOL        PPAGE_SFR
  D:0081H         SYMBOL        SP
  C:18A2H         SYMBOL        STARTUP1
  N:0000H         SYMBOL        XBPSTACK
  N:0000H         SYMBOL        XBPSTACKTOP
  N:0000H         SYMBOL        XDATALEN
  N:0000H         SYMBOL        XDATASTART
  C:0000H         LINE#         126
  C:18A2H         LINE#         133
  C:18A4H         LINE#         134
  C:18A5H         LINE#         135
  C:18A6H         LINE#         136
  C:18A8H         LINE#         185
  C:18ABH         LINE#         196
  -------         ENDMOD        ?C_STARTUP

  -------         MODULE        MAIN
  C:0000H         SYMBOL        _ICE_DUMMY_
  D:0080H         PUBLIC        P0
  D:0090H         PUBLIC        P1
BL51 BANKED LINKER/LOCATER V6.22.2.0                                                  08/05/2026  18:36:53  PAGE 6


  D:00A0H         PUBLIC        P2
  D:00B0H         PUBLIC        P3
  D:00C0H         PUBLIC        P4
  D:00C8H         PUBLIC        P5
  B:00A8H.7       PUBLIC        EA
  D:00A8H         PUBLIC        IE
  D:00B8H         PUBLIC        IP
  C:1D1EH         PUBLIC        main
  C:1E84H         PUBLIC        App_1msTask
  D:0098H         PUBLIC        SCON
  D:0088H         PUBLIC        TCON
  X:023EH         PUBLIC        bms_dev
  X:0300H         SYMBOL        cnt_key
  D:00D0H         PUBLIC        PSW
  -------         PROC          MAIN
  C:1D1EH         LINE#         14
  C:1D1EH         LINE#         15
  C:1D1EH         LINE#         16
  C:1D21H         LINE#         17
  C:1D24H         LINE#         18
  C:1D27H         LINE#         19
  C:1D2AH         LINE#         20
  C:1D2DH         LINE#         21
  C:1D36H         LINE#         22
  C:1D39H         LINE#         23
  C:1D3BH         LINE#         26
  C:1D42H         LINE#         27
  C:1D4BH         LINE#         28
  C:1D4BH         LINE#         29
  C:1D4BH         LINE#         30
  C:1D4EH         LINE#         31
  C:1D57H         LINE#         32
  -------         ENDPROC       MAIN
  -------         PROC          APP_1MSTASK
  C:1E84H         LINE#         37
  C:1E84H         LINE#         38
  C:1E84H         LINE#         41
  C:1E87H         LINE#         42
  C:1E96H         LINE#         43
  C:1E96H         LINE#         44
  C:1E99H         LINE#         45
  C:1E9EH         LINE#         46
  C:1E9EH         LINE#         47
  -------         ENDPROC       APP_1MSTASK
  -------         ENDMOD        MAIN

  -------         MODULE        DMA
  C:0000H         SYMBOL        _ICE_DUMMY_
  D:0080H         PUBLIC        P0
  D:0090H         PUBLIC        P1
  D:00A0H         PUBLIC        P2
  D:00B0H         PUBLIC        P3
  D:00C0H         PUBLIC        P4
  D:00C8H         PUBLIC        P5
  D:00A8H         PUBLIC        IE
  D:00B8H         PUBLIC        IP
  D:0098H         PUBLIC        SCON
BL51 BANKED LINKER/LOCATER V6.22.2.0                                                  08/05/2026  18:36:53  PAGE 7


  D:0088H         PUBLIC        TCON
  C:0021H         PUBLIC        MX_DMA_Init
  D:00D0H         PUBLIC        PSW
  -------         PROC          MX_DMA_INIT
  C:0021H         LINE#         4
  C:0021H         LINE#         5
  C:0021H         LINE#         7
  -------         ENDPROC       MX_DMA_INIT
  -------         ENDMOD        DMA

  -------         MODULE        GPIO
  C:0000H         SYMBOL        _ICE_DUMMY_
  D:0080H         PUBLIC        P0
  D:00B2H         PUBLIC        P3M0
  D:0090H         PUBLIC        P1
  D:00B1H         PUBLIC        P3M1
  D:00A0H         PUBLIC        P2
  D:00B0H         PUBLIC        P3
  D:00C0H         PUBLIC        P4
  D:00C8H         PUBLIC        P5
  D:00A8H         PUBLIC        IE
  D:00B8H         PUBLIC        IP
  C:1F11H         PUBLIC        MX_GPIO_Init
  D:0098H         PUBLIC        SCON
  B:00B0H.2       PUBLIC        P32
  D:0088H         PUBLIC        TCON
  D:00D0H         PUBLIC        PSW
  -------         PROC          MX_GPIO_INIT
  C:1F11H         LINE#         9
  C:1F11H         LINE#         10
  C:1F11H         LINE#         12
  C:1F14H         LINE#         13
  C:1F17H         LINE#         14
  C:1F19H         LINE#         15
  -------         ENDPROC       MX_GPIO_INIT
  -------         ENDMOD        GPIO

  -------         MODULE        TIM
  C:0000H         SYMBOL        _ICE_DUMMY_
  D:0080H         PUBLIC        P0
  D:0090H         PUBLIC        P1
  D:00A0H         PUBLIC        P2
  D:00B0H         PUBLIC        P3
  C:1BB8H         PUBLIC        Timer0_ISR
  D:00C0H         PUBLIC        P4
  D:00C8H         PUBLIC        P5
  B:00A8H.7       PUBLIC        EA
  D:00A8H         PUBLIC        IE
  C:1EB9H         PUBLIC        MX_TIM0_Init
  D:00B8H         PUBLIC        IP
  X:03CEH         PUBLIC        g_ms_ticks
  C:1CDDH         PUBLIC        _DelayMs
  D:0098H         PUBLIC        SCON
  D:0089H         PUBLIC        TMOD
  D:0088H         PUBLIC        TCON
  D:008EH         PUBLIC        AUXR
  B:00A8H.1       PUBLIC        ET0
BL51 BANKED LINKER/LOCATER V6.22.2.0                                                  08/05/2026  18:36:53  PAGE 8


  X:03D2H         SYMBOL        timer1ms_callback
  B:0088H.5       PUBLIC        TF0
  D:008CH         PUBLIC        TH0
  D:008AH         PUBLIC        TL0
  C:1F05H         PUBLIC        _Timer0_SetCallback
  X:03D5H         PUBLIC        g_1ms_flag
  B:0088H.4       PUBLIC        TR0
  C:000EH         PUBLIC        HAL_GetTick
  C:1F22H         PUBLIC        GetTickMs
  D:00D0H         PUBLIC        PSW
  -------         PROC          _TIMER0_SETCALLBACK
  D:0001H         SYMBOL        callback
  C:1F05H         LINE#         12
  C:1F05H         LINE#         13
  C:1F05H         LINE#         14
  C:1F10H         LINE#         15
  -------         ENDPROC       _TIMER0_SETCALLBACK
  -------         PROC          MX_TIM0_INIT
  -------         DO            
  D:0004H         SYMBOL        reload
  -------         ENDDO         
  C:1EB9H         LINE#         16
  C:1EB9H         LINE#         17
  C:1EB9H         LINE#         20
  C:1EBBH         LINE#         22
  C:1EBEH         LINE#         23
  C:1EC1H         LINE#         25
  C:1EC4H         LINE#         27
  C:1EC7H         LINE#         28
  C:1ECAH         LINE#         30
  C:1ECCH         LINE#         31
  C:1ECEH         LINE#         32
  C:1ED0H         LINE#         33
  -------         ENDPROC       MX_TIM0_INIT
  -------         PROC          TIMER0_ISR
  -------         DO            
  D:0004H         SYMBOL        reload
  -------         ENDDO         
  C:1BB8H         LINE#         35
  C:1BD5H         LINE#         39
  C:1BD7H         LINE#         40
  C:1BDAH         LINE#         41
  C:1BDDH         LINE#         43
  C:1BDFH         LINE#         44
  C:1BFEH         LINE#         45
  C:1C04H         LINE#         47
  C:1C10H         LINE#         48
  C:1C10H         LINE#         49
  C:1C13H         LINE#         50
  C:1C13H         LINE#         51
  -------         ENDPROC       TIMER0_ISR
  -------         PROC          HAL_GETTICK
  -------         DO            
  D:0004H         SYMBOL        tick
  -------         ENDDO         
  C:000EH         LINE#         53
  C:000EH         LINE#         54
BL51 BANKED LINKER/LOCATER V6.22.2.0                                                  08/05/2026  18:36:53  PAGE 9


  C:000EH         LINE#         60
  C:0010H         LINE#         61
  C:001EH         LINE#         62
  C:0020H         LINE#         64
  C:0020H         LINE#         65
  -------         ENDPROC       HAL_GETTICK
  -------         PROC          GETTICKMS
  C:1F22H         LINE#         67
  C:1F22H         LINE#         68
  C:1F22H         LINE#         69
  -------         ENDPROC       GETTICKMS
  -------         PROC          _DELAYMS
  X:0304H         SYMBOL        ms
  -------         DO            
  X:0306H         SYMBOL        start
  -------         ENDDO         
  C:1CDDH         LINE#         72
  C:1CE5H         LINE#         73
  C:1CE5H         LINE#         76
  C:1CEEH         LINE#         78
  C:1D1DH         LINE#         79
  C:1D1DH         LINE#         81
  C:1D1DH         LINE#         82
  -------         ENDPROC       _DELAYMS
  -------         ENDMOD        TIM

  -------         MODULE        USART
  C:0000H         SYMBOL        _ICE_DUMMY_
  D:0080H         PUBLIC        P0
  D:00B2H         PUBLIC        P3M0
  D:0090H         PUBLIC        P1
  D:00B1H         PUBLIC        P3M1
  D:00A0H         PUBLIC        P2
  B:0020H.2       PUBLIC        uart_rx_ready
  D:00B0H         PUBLIC        P3
  D:00C0H         PUBLIC        P4
  D:00C8H         PUBLIC        P5
  B:00A8H.7       PUBLIC        EA
  C:1DBFH         PUBLIC        _UART_SendBuffer
  D:00A8H         PUBLIC        IE
  B:00A8H.4       PUBLIC        ES
  D:00B8H         PUBLIC        IP
  B:0098H.0       PUBLIC        RI
  B:0098H.1       PUBLIC        TI
  X:03E0H         PUBLIC        uart_rx_byte
  D:0099H         PUBLIC        SBUF
  C:1EE7H         PUBLIC        _UART_ReadByte
  D:0098H         PUBLIC        SCON
  D:0088H         PUBLIC        TCON
  C:1E65H         PUBLIC        UART1_ISR
  C:0003H         PUBLIC        _UART_SendByte
  D:008EH         PUBLIC        AUXR
  D:00D6H         PUBLIC        T2H
  D:00D7H         PUBLIC        T2L
  C:1E17H         PUBLIC        MX_UART1_Init
  D:00D0H         PUBLIC        PSW
  -------         PROC          MX_UART1_INIT
BL51 BANKED LINKER/LOCATER V6.22.2.0                                                  08/05/2026  18:36:53  PAGE 10


  -------         DO            
  D:0006H         SYMBOL        reload
  -------         ENDDO         
  C:1E17H         LINE#         12
  C:1E17H         LINE#         13
  C:1E17H         LINE#         17
  C:1E1FH         LINE#         18
  C:1E22H         LINE#         19
  C:1E25H         LINE#         20
  C:1E28H         LINE#         21
  C:1E2DH         LINE#         22
  C:1E31H         LINE#         23
  C:1E33H         LINE#         24
  C:1E36H         LINE#         25
  C:1E39H         LINE#         26
  C:1E3BH         LINE#         27
  C:1E3DH         LINE#         28
  -------         ENDPROC       MX_UART1_INIT
  -------         PROC          _UART_SENDBYTE
  D:0007H         SYMBOL        dat
  C:0003H         LINE#         30
  C:0003H         LINE#         31
  C:0003H         LINE#         32
  C:0005H         LINE#         33
  C:0008H         LINE#         34
  C:000AH         LINE#         35
  -------         ENDPROC       _UART_SENDBYTE
  -------         PROC          _UART_SENDBUFFER
  X:03DBH         SYMBOL        buf
  D:0004H         SYMBOL        len
  C:1DBFH         LINE#         37
  C:1DCAH         LINE#         38
  C:1DCAH         LINE#         39
  C:1DEDH         LINE#         40
  -------         ENDPROC       _UART_SENDBUFFER
  -------         PROC          _UART_READBYTE
  D:0001H         SYMBOL        dat
  C:1EE7H         LINE#         42
  C:1EE7H         LINE#         43
  C:1EE7H         LINE#         44
  C:1EECH         LINE#         45
  C:1EF3H         LINE#         46
  C:1EF5H         LINE#         47
  C:1EF6H         LINE#         48
  -------         ENDPROC       _UART_READBYTE
  -------         PROC          UART1_ISR
  C:1E65H         LINE#         50
  C:1E6BH         LINE#         52
  C:1E6EH         LINE#         53
  C:1E70H         LINE#         54
  C:1E76H         LINE#         55
  C:1E78H         LINE#         56
  C:1E78H         LINE#         57
  C:1E7DH         LINE#         58
  -------         ENDPROC       UART1_ISR
  -------         ENDMOD        USART

BL51 BANKED LINKER/LOCATER V6.22.2.0                                                  08/05/2026  18:36:53  PAGE 11


  -------         MODULE        KEY
  C:0000H         SYMBOL        _ICE_DUMMY_
  D:0080H         PUBLIC        P0
  D:0090H         PUBLIC        P1
  D:00A0H         PUBLIC        P2
  X:03BCH         PUBLIC        Soc_Flag
  D:00B0H         PUBLIC        P3
  D:00C0H         PUBLIC        P4
  D:00C8H         PUBLIC        P5
  D:00A8H         PUBLIC        IE
  C:177AH         PUBLIC        Key_Scan
  D:00B8H         PUBLIC        IP
  X:03BDH         PUBLIC        sleep_result
  C:1ED1H         PUBLIC        Key_Init
  X:03BFH         PUBLIC        KeyState
  D:0098H         PUBLIC        SCON
  D:0088H         PUBLIC        TCON
  X:03C0H         PUBLIC        TimeCnt
  X:03C2H         PUBLIC        g_KeyActionFlag
  X:03C3H         PUBLIC        Sleep_Flag
  C:1C2EH         PUBLIC        Key_Action
  X:03C4H         PUBLIC        g_KeyFlag
  D:00D0H         PUBLIC        PSW
  -------         PROC          KEY_INIT
  C:1ED1H         LINE#         11
  C:1ED1H         LINE#         12
  C:1ED1H         LINE#         14
  C:1ED4H         LINE#         16
  C:1ED7H         LINE#         19
  C:1EDCH         LINE#         20
  C:1EE0H         LINE#         21
  C:1EE6H         LINE#         22
  -------         ENDPROC       KEY_INIT
  -------         PROC          KEY_SCAN
  -------         DO            
  X:03B9H         SYMBOL        TimeCnt
  X:03BBH         SYMBOL        lock
  -------         ENDDO         
  C:177AH         LINE#         24
  C:177AH         LINE#         25
  C:177AH         LINE#         28
  C:178BH         LINE#         29
  C:178BH         LINE#         31
  C:178BH         LINE#         32
  C:1799H         LINE#         33
  C:1799H         LINE#         34
  C:179EH         LINE#         35
  C:179EH         LINE#         36
  C:17A5H         LINE#         37
  C:17A7H         LINE#         38
  C:17A8H         LINE#         40
  C:17A8H         LINE#         41
  C:17B6H         LINE#         42
  C:17B6H         LINE#         43
  C:17BEH         LINE#         45
  C:17CCH         LINE#         47
  C:17CDH         LINE#         49
BL51 BANKED LINKER/LOCATER V6.22.2.0                                                  08/05/2026  18:36:53  PAGE 12


  C:17CDH         LINE#         50
  C:17D3H         LINE#         51
  C:17D3H         LINE#         53
  C:17E5H         LINE#         54
  C:17E5H         LINE#         55
  C:17E8H         LINE#         56
  C:17EFH         LINE#         57
  C:17F1H         LINE#         59
  C:17F1H         LINE#         60
  C:17F4H         LINE#         61
  C:17F4H         LINE#         63
  C:17FAH         LINE#         64
  C:17FBH         LINE#         73
  C:17FBH         LINE#         74
  C:1809H         LINE#         75
  C:1809H         LINE#         76
  C:180EH         LINE#         77
  C:180EH         LINE#         78
  C:180EH         LINE#         80
  C:180EH         LINE#         81
  C:180EH         LINE#         83
  -------         ENDPROC       KEY_SCAN
  -------         PROC          KEY_ACTION
  -------         DO            
  X:0301H         SYMBOL        action
  X:0302H         SYMBOL        ret
  -------         ENDDO         
  C:1C2EH         LINE#         87
  C:1C2EH         LINE#         88
  C:1C2EH         LINE#         89
  C:1C36H         LINE#         91
  C:1C3BH         LINE#         92
  C:1C3BH         LINE#         93
  C:1C41H         LINE#         94
  C:1C44H         LINE#         95
  C:1C4BH         LINE#         96
  C:1C4EH         LINE#         97
  C:1C4EH         LINE#         98
  C:1C55H         LINE#         99
  C:1C5BH         LINE#         100
  C:1C5BH         LINE#         101
  C:1C5DH         LINE#         102
  C:1C65H         LINE#         103
  C:1C65H         LINE#         104
  C:1C70H         LINE#         105
  C:1C7AH         LINE#         106
  C:1C7FH         LINE#         107
  C:1C85H         LINE#         108
  C:1C8AH         LINE#         109
  C:1C8FH         LINE#         110
  C:1C8FH         LINE#         111
  -------         ENDPROC       KEY_ACTION
  -------         ENDMOD        KEY

  -------         MODULE        MODBUS
  C:0000H         SYMBOL        _ICE_DUMMY_
  D:0080H         PUBLIC        P0
BL51 BANKED LINKER/LOCATER V6.22.2.0                                                  08/05/2026  18:36:53  PAGE 13


  C:144FH         PUBLIC        _BMS_ReadVoltageProtect
  D:0090H         PUBLIC        P1
  C:0F38H         PUBLIC        _BMS_ReadRegisters
  D:00A0H         PUBLIC        P2
  D:00B0H         PUBLIC        P3
  X:0000H         PUBLIC        BMS_RegisterValues
  D:00C0H         PUBLIC        P4
  C:1652H         PUBLIC        _BMS_CRC16
  D:00C8H         PUBLIC        P5
  X:003EH         SYMBOL        rx_buf
  C:1B41H         PUBLIC        _BMS_WriteCalibConfig
  X:013EH         SYMBOL        tx_buf
  D:00A8H         PUBLIC        IE
  C:192EH         PUBLIC        _BMS_WriteVoltageProtect
  C:180FH         PUBLIC        BMS_SendSleepCommand
  C:0A85H         PUBLIC        _BMS_ReadCurrentProtect
  C:0E2BH         PUBLIC        _BMS_WriteRegisters
  C:1E3EH         PUBLIC        _BMS_SendCommand
  C:12BEH         SYMBOL        _BMS_SendReceive
  D:00B8H         PUBLIC        IP
  B:0098H.0       PUBLIC        RI
  B:0098H.1       PUBLIC        TI
  C:1AC0H         PUBLIC        _BMS_WriteRegister
  C:0BC4H         PUBLIC        _BMS_WriteCurrentProtect
  D:0099H         PUBLIC        SBUF
  D:0098H         PUBLIC        SCON
  C:1D5FH         SYMBOL        _UART_SendBytes
  D:0088H         PUBLIC        TCON
  C:1F1AH         SYMBOL        _UART_SendByte
  C:1114H         PUBLIC        _BMS_ReadTempProtect
  C:063BH         PUBLIC        _BMS_WriteRegister1
  C:1504H         PUBLIC        _BMS_WriteTempProtect
  C:0D00H         PUBLIC        _BMS_ReadEventCount
  C:19B8H         PUBLIC        _BMS_ReadSystemInfo
  C:1390H         PUBLIC        _BMS_ReadAll
  C:1A3DH         PUBLIC        _BMS_ReadIDInfo
  C:15AEH         SYMBOL        _UART_ReceiveBytes
  C:11E9H         PUBLIC        _BMS_ReadRealtimeData
  D:00D0H         PUBLIC        PSW
  C:16E3H         PUBLIC        _BMS_ReadCalibConfig
  C:1EF7H         SYMBOL        BMS_ClearRxState
  -------         PROC          _UART_SENDBYTE
  D:0007H         SYMBOL        byte
  C:1F1AH         LINE#         14
  C:1F1AH         LINE#         15
  C:1F1CH         LINE#         16
  C:1F1FH         LINE#         17
  C:1F21H         LINE#         18
  -------         ENDPROC       _UART_SENDBYTE
  -------         PROC          L?0125
  -------         ENDPROC       L?0125
  -------         PROC          _UART_SENDBYTES
  X:0336H         SYMBOL        Ddata
  D:0005H         SYMBOL        len
  -------         DO            
  D:0006H         SYMBOL        i
  -------         ENDDO         
BL51 BANKED LINKER/LOCATER V6.22.2.0                                                  08/05/2026  18:36:53  PAGE 14


  C:1D5FH         LINE#         20
  C:1D6AH         LINE#         22
  C:1D71H         LINE#         23
  C:1D88H         LINE#         24
  C:1D8BH         LINE#         25
  -------         ENDPROC       _UART_SENDBYTES
  -------         PROC          _UART_RECEIVEBYTES
  X:0336H         SYMBOL        buf
  X:0339H         SYMBOL        len
  X:033AH         SYMBOL        timeout_ms
  -------         DO            
  X:033CH         SYMBOL        cnt
  X:033DH         SYMBOL        start
  X:0341H         SYMBOL        now
  -------         ENDDO         
  C:15AEH         LINE#         27
  C:15BCH         LINE#         28
  C:15C1H         LINE#         30
  C:15CAH         LINE#         31
  C:15D7H         LINE#         32
  C:15DAH         LINE#         33
  C:15F6H         LINE#         34
  C:15F8H         LINE#         35
  C:1601H         LINE#         36
  C:1601H         LINE#         37
  C:160AH         LINE#         38
  C:1640H         LINE#         39
  C:1645H         LINE#         40
  C:1645H         LINE#         41
  C:1645H         LINE#         42
  C:1648H         LINE#         43
  -------         ENDPROC       _UART_RECEIVEBYTES
  -------         PROC          BMS_CLEARRXSTATE
  -------         DO            
  X:0336H         SYMBOL        dummy
  -------         ENDDO         
  C:1EF7H         LINE#         45
  C:1EF7H         LINE#         47
  C:1EFAH         LINE#         48
  C:1F00H         LINE#         49
  C:1F02H         LINE#         50
  C:1F04H         LINE#         51
  -------         ENDPROC       BMS_CLEARRXSTATE
  C:1649H         SYMBOL        L?0124
  -------         PROC          L?0123
  -------         ENDPROC       L?0123
  C:1649H         SYMBOL        L?0124
  -------         PROC          _BMS_CRC16
  X:0336H         SYMBOL        Ddata
  X:0339H         SYMBOL        len
  -------         DO            
  X:033AH         SYMBOL        crc
  X:033CH         SYMBOL        i
  D:0005H         SYMBOL        j
  -------         ENDDO         
  C:1652H         LINE#         56
  C:1660H         LINE#         57
BL51 BANKED LINKER/LOCATER V6.22.2.0                                                  08/05/2026  18:36:53  PAGE 15


  C:1666H         LINE#         59
  C:1677H         LINE#         60
  C:1694H         LINE#         61
  C:16A0H         LINE#         62
  C:16ABH         LINE#         63
  C:16C4H         LINE#         65
  C:16CFH         LINE#         66
  C:16D2H         LINE#         67
  C:16DAH         LINE#         68
  C:16E2H         LINE#         69
  -------         ENDPROC       _BMS_CRC16
  -------         PROC          _BMS_SENDRECEIVE
  D:0007H         SYMBOL        tx_len
  X:0332H         SYMBOL        expected_rx_len
  -------         DO            
  X:0333H         SYMBOL        actual_rx_len
  X:0334H         SYMBOL        crc_rx
  D:0006H         SYMBOL        crc_calc
  D:0006H         SYMBOL        ret
  -------         ENDDO         
  C:12BEH         LINE#         74
  C:12C3H         LINE#         79
  C:12D0H         LINE#         81
  C:12D3H         LINE#         83
  C:12D8H         LINE#         85
  C:12ECH         LINE#         86
  C:12F1H         LINE#         88
  C:1307H         LINE#         90
  C:131CH         LINE#         91
  C:1321H         LINE#         93
  C:1347H         LINE#         94
  C:1357H         LINE#         95
  C:1368H         LINE#         97
  C:1375H         LINE#         99
  C:138CH         LINE#         101
  C:138FH         LINE#         102
  -------         ENDPROC       _BMS_SENDRECEIVE
  -------         PROC          _BMS_WRITEREGISTER1
  X:03ABH         SYMBOL        cmd
  D:0004H         SYMBOL        addr
  X:03AEH         SYMBOL        value
  X:03B0H         SYMBOL        p_data
  X:03B3H         SYMBOL        buf
  -------         DO            
  X:03B6H         SYMBOL        idx
  D:0006H         SYMBOL        crc
  X:03B7H         SYMBOL        i
  D:0006H         SYMBOL        rx_len
  D:0006H         SYMBOL        ret
  -------         ENDDO         
  C:063BH         LINE#         107
  C:0648H         LINE#         108
  C:0648H         LINE#         115
  C:0656H         LINE#         117
  C:065EH         LINE#         118
  C:0680H         LINE#         119
  C:0680H         LINE#         120
BL51 BANKED LINKER/LOCATER V6.22.2.0                                                  08/05/2026  18:36:53  PAGE 16


  C:06A0H         LINE#         121
  C:06A0H         LINE#         123
  C:06A5H         LINE#         124
  C:06B6H         LINE#         125
  C:06CEH         LINE#         126
  C:06E3H         LINE#         127
  C:06F8H         LINE#         129
  C:06FDH         LINE#         130
  C:071AH         LINE#         131
  C:072FH         LINE#         132
  C:0732H         LINE#         133
  C:074FH         LINE#         134
  C:0766H         LINE#         135
  C:077DH         LINE#         136
  C:0799H         LINE#         137
  C:07CCH         LINE#         138
  C:07E7H         LINE#         139
  C:07F7H         LINE#         140
  C:07F7H         LINE#         142
  C:0805H         LINE#         143
  C:081AH         LINE#         144
  C:082FH         LINE#         146
  C:083AH         LINE#         147
  C:084AH         LINE#         148
  C:0854H         LINE#         149
  C:085EH         LINE#         150
  C:0863H         LINE#         151
  C:0880H         LINE#         152
  C:08C3H         LINE#         153
  C:08D3H         LINE#         154
  C:08D7H         LINE#         155
  C:08D7H         LINE#         156
  C:08E1H         LINE#         157
  C:08E1H         LINE#         158
  -------         ENDPROC       _BMS_WRITEREGISTER1
  -------         PROC          L?0126
  -------         ENDPROC       L?0126
  -------         PROC          _BMS_READREGISTERS
  X:032CH         SYMBOL        addr
  X:032DH         SYMBOL        count
  X:032EH         SYMBOL        buf
  -------         DO            
  D:0004H         SYMBOL        idx
  D:0006H         SYMBOL        crc
  D:0006H         SYMBOL        rx_len
  D:0006H         SYMBOL        ret
  X:0331H         SYMBOL        i
  -------         ENDDO         
  C:0F38H         LINE#         160
  C:0F49H         LINE#         167
  C:0F4BH         LINE#         168
  C:0F58H         LINE#         169
  C:0F65H         LINE#         170
  C:0F78H         LINE#         171
  C:0F86H         LINE#         172
  C:0F94H         LINE#         173
  C:0FA6H         LINE#         175
BL51 BANKED LINKER/LOCATER V6.22.2.0                                                  08/05/2026  18:36:53  PAGE 17


  C:0FA9H         LINE#         176
  C:0FB7H         LINE#         177
  C:0FC7H         LINE#         179
  C:0FD0H         LINE#         180
  C:0FD6H         LINE#         181
  C:0FDBH         LINE#         183
  C:0FEDH         LINE#         184
  C:1028H         LINE#         185
  C:1030H         LINE#         186
  C:1033H         LINE#         187
  -------         ENDPROC       _BMS_READREGISTERS
  -------         PROC          _BMS_WRITEREGISTER
  D:0007H         SYMBOL        addr
  D:0002H         SYMBOL        value
  -------         DO            
  D:0004H         SYMBOL        idx
  D:0006H         SYMBOL        crc
  -------         ENDDO         
  C:1AC0H         LINE#         189
  C:1AC4H         LINE#         193
  C:1AC6H         LINE#         194
  C:1AD3H         LINE#         195
  C:1AE0H         LINE#         196
  C:1AEEH         LINE#         197
  C:1AFCH         LINE#         198
  C:1B0CH         LINE#         199
  C:1B19H         LINE#         201
  C:1B1CH         LINE#         202
  C:1B2AH         LINE#         203
  C:1B3AH         LINE#         205
  -------         ENDPROC       _BMS_WRITEREGISTER
  -------         PROC          L?0127
  -------         ENDPROC       L?0127
  -------         PROC          _BMS_WRITEREGISTERS
  X:03D6H         SYMBOL        addr
  X:03D7H         SYMBOL        count
  X:03D8H         SYMBOL        values
  -------         DO            
  D:0004H         SYMBOL        idx
  D:0006H         SYMBOL        crc
  D:0005H         SYMBOL        i
  -------         ENDDO         
  C:0E2BH         LINE#         208
  C:0E3CH         LINE#         213
  C:0E3EH         LINE#         214
  C:0E4BH         LINE#         215
  C:0E58H         LINE#         216
  C:0E6BH         LINE#         217
  C:0E79H         LINE#         218
  C:0E87H         LINE#         219
  C:0E9AH         LINE#         220
  C:0EACH         LINE#         222
  C:0EB8H         LINE#         223
  C:0EE0H         LINE#         224
  C:0EFDH         LINE#         225
  C:0F00H         LINE#         227
  C:0F0BH         LINE#         228
BL51 BANKED LINKER/LOCATER V6.22.2.0                                                  08/05/2026  18:36:53  PAGE 18


  C:0F1AH         LINE#         229
  C:0F2BH         LINE#         231
  -------         ENDPROC       _BMS_WRITEREGISTERS
  -------         PROC          _BMS_SENDCOMMAND
  X:03DEH         SYMBOL        cmd
  D:0004H         SYMBOL        Ddata
  -------         DO            
  D:0006H         SYMBOL        ret
  -------         ENDDO         
  C:1E3EH         LINE#         234
  C:1E46H         LINE#         236
  C:1E4BH         LINE#         237
  C:1E50H         LINE#         238
  C:1E57H         LINE#         239
  C:1E64H         LINE#         240
  -------         ENDPROC       _BMS_SENDCOMMAND
  -------         PROC          _BMS_READSYSTEMINFO
  X:0304H         SYMBOL        sys
  -------         DO            
  X:0307H         SYMBOL        buf
  D:0006H         SYMBOL        ret
  -------         ENDDO         
  C:19B8H         LINE#         245
  C:19C3H         LINE#         248
  C:19D0H         LINE#         249
  C:19D5H         LINE#         250
  C:19EDH         LINE#         251
  C:1A09H         LINE#         252
  C:1A19H         LINE#         253
  C:1A29H         LINE#         254
  C:1A39H         LINE#         255
  C:1A3CH         LINE#         256
  -------         ENDPROC       _BMS_READSYSTEMINFO
  -------         PROC          _BMS_READIDINFO
  X:0304H         SYMBOL        id
  -------         DO            
  D:0006H         SYMBOL        ret
  D:0005H         SYMBOL        i
  -------         ENDDO         
  C:1A3DH         LINE#         258
  C:1A48H         LINE#         261
  C:1A55H         LINE#         262
  C:1A5AH         LINE#         263
  C:1A66H         LINE#         264
  C:1A8EH         LINE#         265
  C:1AB9H         LINE#         266
  C:1ABCH         LINE#         267
  C:1ABFH         LINE#         268
  -------         ENDPROC       _BMS_READIDINFO
  -------         PROC          _BMS_READEVENTCOUNT
  X:0304H         SYMBOL        event
  -------         DO            
  X:0307H         SYMBOL        buf
  D:0006H         SYMBOL        ret
  -------         ENDDO         
  C:0D00H         LINE#         270
  C:0D0BH         LINE#         273
BL51 BANKED LINKER/LOCATER V6.22.2.0                                                  08/05/2026  18:36:53  PAGE 19


  C:0D18H         LINE#         274
  C:0D1DH         LINE#         275
  C:0D35H         LINE#         276
  C:0D51H         LINE#         277
  C:0D61H         LINE#         278
  C:0D71H         LINE#         279
  C:0D81H         LINE#         280
  C:0D91H         LINE#         281
  C:0DA1H         LINE#         282
  C:0DB1H         LINE#         283
  C:0DC1H         LINE#         284
  C:0DD1H         LINE#         285
  C:0DE1H         LINE#         286
  C:0DF1H         LINE#         287
  C:0E01H         LINE#         288
  C:0E11H         LINE#         289
  C:0E21H         LINE#         290
  C:0E24H         LINE#         291
  -------         ENDPROC       _BMS_READEVENTCOUNT
  -------         PROC          _BMS_READCALIBCONFIG
  X:0304H         SYMBOL        calib
  -------         DO            
  X:0307H         SYMBOL        buf
  D:0006H         SYMBOL        ret
  -------         ENDDO         
  C:16E3H         LINE#         293
  C:16EEH         LINE#         296
  C:16F5H         LINE#         297
  C:16FAH         LINE#         298
  C:1712H         LINE#         299
  C:172EH         LINE#         300
  C:173EH         LINE#         301
  C:1745H         LINE#         302
  C:174AH         LINE#         303
  C:1766H         LINE#         304
  C:1776H         LINE#         305
  C:1779H         LINE#         306
  -------         ENDPROC       _BMS_READCALIBCONFIG
  -------         PROC          _BMS_READVOLTAGEPROTECT
  X:0304H         SYMBOL        volt
  -------         DO            
  X:0307H         SYMBOL        buf
  D:0006H         SYMBOL        ret
  -------         ENDDO         
  C:144FH         LINE#         308
  C:145AH         LINE#         311
  C:1467H         LINE#         312
  C:146CH         LINE#         313
  C:1484H         LINE#         314
  C:14A0H         LINE#         315
  C:14B0H         LINE#         316
  C:14C0H         LINE#         317
  C:14D0H         LINE#         318
  C:14E0H         LINE#         319
  C:14F0H         LINE#         320
  C:1500H         LINE#         321
  C:1503H         LINE#         322
BL51 BANKED LINKER/LOCATER V6.22.2.0                                                  08/05/2026  18:36:53  PAGE 20


  -------         ENDPROC       _BMS_READVOLTAGEPROTECT
  -------         PROC          _BMS_READTEMPPROTECT
  X:0304H         SYMBOL        temp
  -------         DO            
  X:0307H         SYMBOL        buf
  D:0006H         SYMBOL        ret
  -------         ENDDO         
  C:1114H         LINE#         324
  C:111FH         LINE#         327
  C:112CH         LINE#         328
  C:1131H         LINE#         329
  C:1149H         LINE#         330
  C:1165H         LINE#         331
  C:1175H         LINE#         332
  C:1185H         LINE#         333
  C:1195H         LINE#         334
  C:11A5H         LINE#         335
  C:11B5H         LINE#         336
  C:11C5H         LINE#         337
  C:11D5H         LINE#         338
  C:11E5H         LINE#         339
  C:11E8H         LINE#         340
  -------         ENDPROC       _BMS_READTEMPPROTECT
  -------         PROC          _BMS_READCURRENTPROTECT
  X:0304H         SYMBOL        curr
  -------         DO            
  X:0307H         SYMBOL        buf
  D:0006H         SYMBOL        ret
  X:032BH         SYMBOL        i
  -------         ENDDO         
  C:0A85H         LINE#         342
  C:0A90H         LINE#         346
  C:0A9DH         LINE#         347
  C:0AA2H         LINE#         348
  C:0AB8H         LINE#         349
  C:0AE6H         LINE#         350
  C:0B11H         LINE#         351
  C:0B2FH         LINE#         352
  C:0B38H         LINE#         353
  C:0B4AH         LINE#         354
  C:0B7DH         LINE#         355
  C:0B9CH         LINE#         356
  C:0BB7H         LINE#         357
  C:0BC0H         LINE#         358
  C:0BC3H         LINE#         359
  -------         ENDPROC       _BMS_READCURRENTPROTECT
  -------         PROC          _BMS_READREALTIMEDATA
  X:030FH         SYMBOL        rt
  -------         DO            
  X:0312H         SYMBOL        buf
  D:0006H         SYMBOL        ret
  -------         ENDDO         
  C:11E9H         LINE#         361
  C:11F4H         LINE#         364
  C:1201H         LINE#         365
  C:1206H         LINE#         366
  C:121EH         LINE#         367
BL51 BANKED LINKER/LOCATER V6.22.2.0                                                  08/05/2026  18:36:53  PAGE 21


  C:123AH         LINE#         368
  C:124AH         LINE#         369
  C:125AH         LINE#         370
  C:126AH         LINE#         371
  C:127AH         LINE#         372
  C:128AH         LINE#         373
  C:129AH         LINE#         374
  C:12AAH         LINE#         375
  C:12BAH         LINE#         376
  C:12BDH         LINE#         377
  -------         ENDPROC       _BMS_READREALTIMEDATA
  -------         PROC          _BMS_READALL
  X:0301H         SYMBOL        dev
  -------         DO            
  D:0006H         SYMBOL        ret
  -------         ENDDO         
  C:1390H         LINE#         379
  C:139BH         LINE#         381
  C:13A3H         LINE#         382
  C:13BBH         LINE#         383
  C:13D3H         LINE#         384
  C:13EBH         LINE#         385
  C:1403H         LINE#         386
  C:141BH         LINE#         387
  C:1433H         LINE#         388
  C:144BH         LINE#         389
  C:144EH         LINE#         390
  -------         ENDPROC       _BMS_READALL
  -------         PROC          _BMS_WRITECALIBCONFIG
  X:03C5H         SYMBOL        calib
  -------         DO            
  X:03C8H         SYMBOL        buf
  D:0006H         SYMBOL        ret
  -------         ENDDO         
  C:1B41H         LINE#         395
  C:1B4CH         LINE#         398
  C:1B59H         LINE#         399
  C:1B69H         LINE#         400
  C:1B79H         LINE#         401
  C:1B80H         LINE#         402
  C:1B85H         LINE#         403
  C:1BA0H         LINE#         404
  C:1BB0H         LINE#         405
  C:1BB7H         LINE#         406
  -------         ENDPROC       _BMS_WRITECALIBCONFIG
  -------         PROC          _BMS_WRITEVOLTAGEPROTECT
  D:0001H         SYMBOL        volt
  -------         DO            
  X:039BH         SYMBOL        buf
  -------         ENDDO         
  C:192EH         LINE#         408
  C:192EH         LINE#         410
  C:193BH         LINE#         411
  C:194BH         LINE#         412
  C:195BH         LINE#         413
  C:196BH         LINE#         414
  C:197BH         LINE#         415
BL51 BANKED LINKER/LOCATER V6.22.2.0                                                  08/05/2026  18:36:53  PAGE 22


  C:198BH         LINE#         416
  C:199BH         LINE#         417
  C:19ABH         LINE#         418
  -------         ENDPROC       _BMS_WRITEVOLTAGEPROTECT
  -------         PROC          _BMS_WRITETEMPPROTECT
  D:0001H         SYMBOL        temp
  -------         DO            
  X:0387H         SYMBOL        buf
  -------         ENDDO         
  C:1504H         LINE#         421
  C:1504H         LINE#         423
  C:1511H         LINE#         424
  C:1521H         LINE#         425
  C:1531H         LINE#         426
  C:1541H         LINE#         427
  C:1551H         LINE#         428
  C:1561H         LINE#         429
  C:1571H         LINE#         430
  C:1581H         LINE#         431
  C:1591H         LINE#         432
  C:15A1H         LINE#         433
  -------         ENDPROC       _BMS_WRITETEMPPROTECT
  -------         PROC          _BMS_WRITECURRENTPROTECT
  X:0345H         SYMBOL        curr
  -------         DO            
  X:0348H         SYMBOL        buf
  X:036CH         SYMBOL        i
  -------         ENDDO         
  C:0BC4H         LINE#         436
  C:0BCFH         LINE#         439
  C:0BE5H         LINE#         440
  C:0C17H         LINE#         441
  C:0C44H         LINE#         442
  C:0C60H         LINE#         443
  C:0C69H         LINE#         444
  C:0C7CH         LINE#         445
  C:0CB2H         LINE#         446
  C:0CCEH         LINE#         447
  C:0CEAH         LINE#         448
  C:0CF3H         LINE#         449
  -------         ENDPROC       _BMS_WRITECURRENTPROTECT
  -------         PROC          BMS_SENDSLEEPCOMMAND
  -------         DO            
  D:0004H         SYMBOL        idx
  D:0006H         SYMBOL        crc
  D:0006H         SYMBOL        ret
  -------         ENDDO         
  C:180FH         LINE#         455
  C:180FH         LINE#         460
  C:1817H         LINE#         461
  C:181CH         LINE#         463
  C:1823H         LINE#         465
  C:1825H         LINE#         466
  C:1832H         LINE#         467
  C:183FH         LINE#         468
  C:184DH         LINE#         469
  C:185CH         LINE#         470
BL51 BANKED LINKER/LOCATER V6.22.2.0                                                  08/05/2026  18:36:53  PAGE 23


  C:186BH         LINE#         471
  C:1878H         LINE#         473
  C:187BH         LINE#         474
  C:1889H         LINE#         475
  C:1899H         LINE#         477
  C:189EH         LINE#         478
  C:18A1H         LINE#         479
  -------         ENDPROC       BMS_SENDSLEEPCOMMAND
  -------         ENDMOD        MODBUS

  -------         MODULE        NUMLED
  C:0000H         SYMBOL        _ICE_DUMMY_
  D:0093H         PUBLIC        P0M1
  D:0092H         PUBLIC        P1M0
  D:0091H         PUBLIC        P1M1
  D:0080H         PUBLIC        P0
  D:0090H         PUBLIC        P1
  D:00A0H         PUBLIC        P2
  D:00B0H         PUBLIC        P3
  D:00C0H         PUBLIC        P4
  D:00C8H         PUBLIC        P5
  B:00A8H.7       PUBLIC        EA
  D:00A8H         PUBLIC        IE
  C:08E2H         PUBLIC        Led_under_deal
  X:036DH         PUBLIC        DG1_Flag
  D:00B8H         PUBLIC        IP
  X:036EH         PUBLIC        DG2_Flag
  X:036FH         PUBLIC        DG3_Flag
  C:1DEEH         PUBLIC        Num_Led_Init
  C:1034H         PUBLIC        Soc_Show
  B:0080H.0       PUBLIC        P00
  B:0080H.1       PUBLIC        P01
  B:0090H.2       PUBLIC        P12
  D:0098H         PUBLIC        SCON
  B:0090H.3       PUBLIC        P13
  B:0090H.4       PUBLIC        P14
  D:0088H         PUBLIC        TCON
  C:1D8CH         PUBLIC        _DG_LED
  C:1E9FH         PUBLIC        DG_ALL
  X:0370H         PUBLIC        bms_read_result
  C:0095H         PUBLIC        _DG_Display
  X:0372H         PUBLIC        rt
  X:0386H         SYMBOL        led_disp_step
  D:00D0H         PUBLIC        PSW
  D:0094H         PUBLIC        P0M0
  -------         PROC          NUM_LED_INIT
  C:1DEEH         LINE#         11
  C:1DEEH         LINE#         12
  C:1DEEH         LINE#         14
  C:1DF4H         LINE#         15
  C:1DFAH         LINE#         16
  C:1E00H         LINE#         17
  C:1E06H         LINE#         18
  C:1E0CH         LINE#         21
  C:1E0EH         LINE#         22
  C:1E10H         LINE#         23
  C:1E12H         LINE#         24
BL51 BANKED LINKER/LOCATER V6.22.2.0                                                  08/05/2026  18:36:53  PAGE 24


  C:1E14H         LINE#         25
  C:1E16H         LINE#         26
  -------         ENDPROC       NUM_LED_INIT
  -------         PROC          LED_UNDER_DEAL
  C:08E2H         LINE#         28
  C:08E2H         LINE#         29
  C:08E2H         LINE#         31
  C:08E8H         LINE#         32
  C:08EEH         LINE#         33
  C:08F4H         LINE#         34
  C:08FAH         LINE#         35
  C:0900H         LINE#         36
  C:0902H         LINE#         37
  C:0904H         LINE#         38
  C:0906H         LINE#         39
  C:0908H         LINE#         40
  C:090AH         LINE#         42
  C:0913H         LINE#         43
  C:0922H         LINE#         44
  C:0931H         LINE#         45
  C:0940H         LINE#         46
  C:094FH         LINE#         47
  C:0955H         LINE#         48
  C:0957H         LINE#         49
  C:095AH         LINE#         50
  C:0960H         LINE#         51
  C:096FH         LINE#         52
  C:097EH         LINE#         53
  C:098DH         LINE#         54
  C:099CH         LINE#         55
  C:09A2H         LINE#         56
  C:09A4H         LINE#         57
  C:09A7H         LINE#         58
  C:09B2H         LINE#         59
  C:09C1H         LINE#         60
  C:09D0H         LINE#         61
  C:09DFH         LINE#         62
  C:09EEH         LINE#         63
  C:09F4H         LINE#         64
  C:09F6H         LINE#         65
  C:09F8H         LINE#         66
  C:09FEH         LINE#         67
  C:0A0DH         LINE#         68
  C:0A1CH         LINE#         69
  C:0A2BH         LINE#         70
  C:0A3AH         LINE#         71
  C:0A40H         LINE#         72
  C:0A42H         LINE#         73
  C:0A44H         LINE#         74
  C:0A4CH         LINE#         75
  C:0A5BH         LINE#         76
  C:0A6AH         LINE#         77
  C:0A70H         LINE#         78
  C:0A72H         LINE#         79
  C:0A72H         LINE#         80
  C:0A78H         LINE#         81
  C:0A84H         LINE#         82
BL51 BANKED LINKER/LOCATER V6.22.2.0                                                  08/05/2026  18:36:53  PAGE 25


  -------         ENDPROC       LED_UNDER_DEAL
  -------         PROC          DG_ALL
  B:0020H.1       SYMBOL        EN_DIS
  C:1E9FH         LINE#         85
  C:1E9FH         LINE#         86
  C:1E9FH         LINE#         87
  C:1EA2H         LINE#         88
  C:1EA2H         LINE#         89
  C:1EA8H         LINE#         90
  C:1EAAH         LINE#         91
  C:1EACH         LINE#         92
  C:1EADH         LINE#         94
  C:1EADH         LINE#         95
  C:1EB2H         LINE#         96
  C:1EB4H         LINE#         97
  C:1EB8H         LINE#         98
  C:1EB8H         LINE#         99
  -------         ENDPROC       DG_ALL
  -------         PROC          _DG_LED
  D:0007H         SYMBOL        EN_DIS
  C:1D8CH         LINE#         101
  C:1D8CH         LINE#         102
  C:1D94H         LINE#         103
  C:1D9BH         LINE#         104
  C:1D9FH         LINE#         105
  C:1DA6H         LINE#         106
  C:1DACH         LINE#         107
  C:1DACH         LINE#         108
  C:1DB3H         LINE#         109
  C:1DBAH         LINE#         110
  C:1DBEH         LINE#         111
  C:1DBEH         LINE#         112
  -------         ENDPROC       _DG_LED
  -------         PROC          L?0221
  -------         ENDPROC       L?0221
  -------         PROC          _DG_DISPLAY
  D:0006H         SYMBOL        num1
  D:0004H         SYMBOL        num2
  D:0002H         SYMBOL        num3
  -------         DO            
  B:0020H.0       SYMBOL        ea_save
  -------         ENDDO         
  C:0095H         LINE#         119
  C:0095H         LINE#         120
  C:0095H         LINE#         122
  C:0099H         LINE#         123
  C:009BH         LINE#         124
  C:00A0H         LINE#         126
  C:00A7H         LINE#         127
  C:00A7H         LINE#         128
  C:00B2H         LINE#         129
  C:00B2H         LINE#         130
  C:00B2H         LINE#         132
  C:00E9H         LINE#         133
  C:00E9H         LINE#         134
  C:0107H         LINE#         135
  C:010CH         LINE#         136
BL51 BANKED LINKER/LOCATER V6.22.2.0                                                  08/05/2026  18:36:53  PAGE 26


  C:0121H         LINE#         137
  C:0136H         LINE#         138
  C:0147H         LINE#         139
  C:015BH         LINE#         140
  C:0173H         LINE#         141
  C:0184H         LINE#         142
  C:01A0H         LINE#         143
  C:01B8H         LINE#         144
  C:01CFH         LINE#         145
  C:01CFH         LINE#         146
  C:01CFH         LINE#         148
  C:0215H         LINE#         149
  C:0215H         LINE#         150
  C:0233H         LINE#         151
  C:0238H         LINE#         152
  C:0245H         LINE#         153
  C:025AH         LINE#         154
  C:026BH         LINE#         155
  C:0280H         LINE#         156
  C:0299H         LINE#         157
  C:02ABH         LINE#         158
  C:02C8H         LINE#         159
  C:02E0H         LINE#         160
  C:02F8H         LINE#         161
  C:030CH         LINE#         162
  C:0318H         LINE#         163
  C:032CH         LINE#         165
  C:0340H         LINE#         166
  C:0353H         LINE#         167
  C:0353H         LINE#         168
  C:0353H         LINE#         170
  C:0357H         LINE#         171
  -------         ENDPROC       _DG_DISPLAY
  -------         PROC          SOC_SHOW
  -------         DO            
  X:0301H         SYMBOL        fault_code
  D:0004H         SYMBOL        idx
  X:0303H         SYMBOL        retry
  X:0305H         SYMBOL        terr_flag
  D:0006H         SYMBOL        out_current
  X:0307H         SYMBOL        soc
  X:0309H         SYMBOL        soc_bai
  X:030BH         SYMBOL        soc_shi
  X:030DH         SYMBOL        soc_ge
  -------         ENDDO         
  C:1034H         LINE#         175
  C:1034H         LINE#         176
  C:1034H         LINE#         177
  C:103BH         LINE#         185
  C:103FH         LINE#         187
  C:1050H         LINE#         188
  C:1062H         LINE#         189
  C:107FH         LINE#         190
  C:1092H         LINE#         191
  C:109CH         LINE#         192
  C:10ABH         LINE#         193
  C:10B8H         LINE#         194
BL51 BANKED LINKER/LOCATER V6.22.2.0                                                  08/05/2026  18:36:53  PAGE 27


  C:10B8H         LINE#         195
  C:10B8H         LINE#         196
  C:10B8H         LINE#         197
  C:10B8H         LINE#         198
  C:10BBH         LINE#         199
  C:10BDH         LINE#         200
  C:10C0H         LINE#         201
  C:10C0H         LINE#         202
  C:10C0H         LINE#         203
  C:10C0H         LINE#         204
  C:10C0H         LINE#         205
  C:10C3H         LINE#         206
  C:10C5H         LINE#         207
  C:10C5H         LINE#         208
  C:10C7H         LINE#         210
  C:10CAH         LINE#         211
  C:10E9H         LINE#         212
  C:10F1H         LINE#         213
  C:10F1H         LINE#         214
  C:10FCH         LINE#         215
  C:110EH         LINE#         216
  C:1113H         LINE#         217
  C:1113H         LINE#         218
  -------         ENDPROC       SOC_SHOW
  -------         ENDMOD        NUMLED

  -------         MODULE        ?C?COPY
  C:0428H         PUBLIC        ?C?COPY
  -------         ENDMOD        ?C?COPY

  -------         MODULE        ?C?CLDPTR
  C:044EH         PUBLIC        ?C?CLDPTR
  -------         ENDMOD        ?C?CLDPTR

  -------         MODULE        ?C?CLDOPTR
  C:0467H         PUBLIC        ?C?CLDOPTR
  -------         ENDMOD        ?C?CLDOPTR

  -------         MODULE        ?C?CSTPTR
  C:0494H         PUBLIC        ?C?CSTPTR
  -------         ENDMOD        ?C?CSTPTR

  -------         MODULE        ?C?CSTOPTR
  C:04A6H         PUBLIC        ?C?CSTOPTR
  -------         ENDMOD        ?C?CSTOPTR

  -------         MODULE        ?C?UIDIV
  C:04C8H         PUBLIC        ?C?UIDIV
  -------         ENDMOD        ?C?UIDIV

  -------         MODULE        ?C?SIDIV
  C:051DH         PUBLIC        ?C?SIDIV
  -------         ENDMOD        ?C?SIDIV

  -------         MODULE        ?C?ILDIX
  C:0553H         PUBLIC        ?C?ILDIX
  -------         ENDMOD        ?C?ILDIX
BL51 BANKED LINKER/LOCATER V6.22.2.0                                                  08/05/2026  18:36:53  PAGE 28



  -------         MODULE        ?C?ILDPTR
  C:0569H         PUBLIC        ?C?ILDPTR
  -------         ENDMOD        ?C?ILDPTR

  -------         MODULE        ?C?ILDOPTR
  C:0594H         PUBLIC        ?C?ILDOPTR
  -------         ENDMOD        ?C?ILDOPTR

  -------         MODULE        ?C?ISTPTR
  C:05CCH         PUBLIC        ?C?ISTPTR
  -------         ENDMOD        ?C?ISTPTR

  -------         MODULE        ?C?ISTOPTR
  C:05EBH         PUBLIC        ?C?ISTOPTR
  -------         ENDMOD        ?C?ISTOPTR

  -------         MODULE        ?C?ULCMP
  C:0618H         PUBLIC        ?C?ULCMP
  -------         ENDMOD        ?C?ULCMP

  -------         MODULE        ?C?LSTXDATA
  C:0629H         PUBLIC        ?C?LSTXDATA
  -------         ENDMOD        ?C?LSTXDATA

  -------         MODULE        ?C?ICALL
  C:0635H         PUBLIC        ?C?ICALL
  C:0639H         PUBLIC        ?C?ICALL2
  -------         ENDMOD        ?C?ICALL

*** WARNING L16: UNCALLED SEGMENT, IGNORED FOR OVERLAY PROCESS
    SEGMENT: ?PR?_UART_SENDBUFFER?USART

*** WARNING L16: UNCALLED SEGMENT, IGNORED FOR OVERLAY PROCESS
    SEGMENT: ?PR?_UART_READBYTE?USART

*** WARNING L16: UNCALLED SEGMENT, IGNORED FOR OVERLAY PROCESS
    SEGMENT: ?PR?_BMS_WRITEREGISTER1?MODBUS

*** WARNING L16: UNCALLED SEGMENT, IGNORED FOR OVERLAY PROCESS
    SEGMENT: ?PR?_BMS_SENDCOMMAND?MODBUS

*** WARNING L16: UNCALLED SEGMENT, IGNORED FOR OVERLAY PROCESS
    SEGMENT: ?PR?_BMS_WRITECALIBCONFIG?MODBUS

*** WARNING L16: UNCALLED SEGMENT, IGNORED FOR OVERLAY PROCESS
    SEGMENT: ?PR?_BMS_WRITEVOLTAGEPROTECT?MODBUS

*** WARNING L16: UNCALLED SEGMENT, IGNORED FOR OVERLAY PROCESS
    SEGMENT: ?PR?_BMS_WRITETEMPPROTECT?MODBUS

*** WARNING L16: UNCALLED SEGMENT, IGNORED FOR OVERLAY PROCESS
    SEGMENT: ?PR?_BMS_WRITECURRENTPROTECT?MODBUS

Program Size: data=9.3 xdata=993 code=7972
LINK/LOCATE RUN COMPLETE.  8 WARNING(S),  0 ERROR(S)
