C51 COMPILER V9.59.0.0   USART                                                             08/24/2026 15:16:51 PAGE 1   


C51 COMPILER V9.59.0.0, COMPILATION OF MODULE USART
OBJECT MODULE PLACED IN .\Objects\usart.obj
COMPILER INVOKED BY: C:\Keil_v5\Keil_C51\C51\BIN\C51.EXE User\usart.c LARGE OMF2 WARNINGLEVEL(0) OPTIMIZE(8,SPEED) BROWS
                    -E INCDIR(.\User;.\Application) DEBUG PRINT(.\Listings\usart.lst) TABS(2) OBJECT(.\Objects\usart.obj)

line level    source

   1          #include <STC8H.H>
   2          #include "clock.h"
   3          #include "intrins.h"
   4          #include "modbus.h"
   5          #include <stdio.h>
   6          
   7          #define UART_BAUD       115200UL
   8          #define UART2_DIVISOR  ((SYSTEM_CLOCK_HZ + UART_BAUD * 2UL) / (UART_BAUD * 4UL))
   9          #define UART2_RELOAD   (65536UL - UART2_DIVISOR)
  10          
  11          
  12          #define BRT   (65536 - (IRC_CLOCK_HZ/115200+2)/4)
  13          
  14          volatile unsigned char uart_rx_byte;
  15          volatile bit uart_rx_ready;
  16          void UART1_Init(void)
  17          {
  18   1          P_SW1 &= (unsigned char)~0xC0;  // UART1 使用 P3.0/P3.1
  19   1      
  20   1          SCON = 0x50;                    // 8位数据，可变波特率
  21   1          AUXR |= 0x40;                   // Timer1 使用1T模式
  22   1          TMOD &= 0x0F;
  23   1          TMOD |= 0x20;                   // Timer1 方式2
  24   1      
  25   1          TH1 = 0xB4;       // 35MHz，UART1，115200，Timer1 1T
  26   1          TL1 = TH1;
  27   1      
  28   1          TR1 = 1;
  29   1          TI = 0;
  30   1      }
  31          void UART1_SendByte(unsigned char dat)
  32          {
  33   1          TI = 0;
  34   1          SBUF = dat;
  35   1          while (!TI);
  36   1          TI = 0;
  37   1      }
  38          
  39          char putchar(char c)
  40          {
  41   1          UART1_SendByte((unsigned char)c);
  42   1          return c;
  43   1      }
  44          
  45          void MX_UART2_Init(void)
  46          {
  47   1          unsigned int reload;
  48   1      
  49   1          /* P1.0=RXD2?P1.1=TXD2 */
  50   1      //    P_SW1 &= (unsigned char)~0xC0;//UART1??P3.0/P3.1
  51   1          P_SW2 &= (unsigned char)~0x01;//UART2??P1.0/P1.1 
  52   1      
  53   1          /* P1.1?????P1.0????? */
  54   1          P1M0 = (P1M0 & (unsigned char)~0x03) | 0x02;
C51 COMPILER V9.59.0.0   USART                                                             08/24/2026 15:16:51 PAGE 2   

  55   1          P1M1 &= (unsigned char)~0x03;
  56   1      //    /* P3.1?????P3.0????? */
  57   1      //    P3M0 = (P3M0 & (unsigned char)~0x03) | 0x02;
  58   1      //    P3M1 &= (unsigned char)~0x03;
  59   1          //??2??????
  60   1          P1PU &= (unsigned char)~0x03;
  61   1          /*
  62   1           * bit6 S2ST2 = 1???2??Timer2????????
  63   1           * bit4 S2REN = 1?????
  64   1           * 8?????????
  65   1           */
  66   1          S2CON = 0x50;
  67   1      
  68   1          AUXR |= 0x04;       /* Timer2??1T?? */
  69   1          AUXR &= (unsigned char)~0x10;
  70   1      
  71   1          reload = (unsigned int)UART2_RELOAD;
  72   1             
  73   1      
  74   1          T2L = (unsigned char)reload;
  75   1          T2H = (unsigned char)(reload >> 8);
  76   1      
  77   1          S2CON &= (unsigned char)~0x03; /* ?S2TI?S2RI */
  78   1          IE2 |= 0x01;            /* ????2???? */
  79   1      
  80   1          AUXR |= 0x10;       /* ??Timer2 */
  81   1      }
  82          
  83          void UART2_SendByte(unsigned char dat)
  84          {
  85   1          S2CON &= (unsigned char)~0x02;
  86   1          S2BUF = dat;
  87   1          while ((S2CON & 0x02) == 0);
  88   1          S2CON &= (unsigned char)~0x02;
  89   1      }
  90          
  91          void UART2_SendBuffer(const unsigned char *buf, unsigned int len)
  92          {
  93   1          while (len--) UART2_SendByte(*buf++);
  94   1      }
  95          
  96          bit UART2_ReadByte(unsigned char *dat)
  97          {
  98   1          if ((S2CON & 0x01) == 0) {
  99   2              return 0;                 // ??????
 100   2          }
 101   1      
 102   1          *dat = S2BUF;
 103   1          S2CON &= (unsigned char)~0x01; // ? S2RI
 104   1          return 1;
 105   1      }
 106          
 107          void UART2_ISR(void) interrupt UART2_VECTOR
 108          {
 109   1          if (S2CON & 0x01) {
 110   2              unsigned char dat = S2BUF;
 111   2              S2CON &= (unsigned char)~0x01;
 112   2              BMS_OnRxByte(dat);
 113   2          }
 114   1      }
 115          
 116          
C51 COMPILER V9.59.0.0   USART                                                             08/24/2026 15:16:51 PAGE 3   



MODULE INFORMATION:   STATIC OVERLAYABLE
   CODE SIZE        =    248    ----
   CONSTANT SIZE    =   ----    ----
   XDATA SIZE       =      1       4
   PDATA SIZE       =   ----    ----
   DATA SIZE        =   ----    ----
   IDATA SIZE       =   ----    ----
   BIT SIZE         =      1    ----
   EDATA SIZE       =   ----    ----
   HDATA SIZE       =   ----    ----
   XDATA CONST SIZE =   ----    ----
   FAR CONST SIZE   =   ----    ----
END OF MODULE INFORMATION.


C51 COMPILATION COMPLETE.  0 WARNING(S),  0 ERROR(S)
